Setting CHPL_HOME to /ihome/sam/bmooreii/src/chapel
Setting CHPL_HOST_PLATFORM to linux64
Updating PATH to include /ihome/sam/bmooreii/src/chapel/bin/linux64
                     and /ihome/sam/bmooreii/src/chapel/util
Updating MANPATH to include /ihome/sam/bmooreii/src/chapel/man
0
0
2 2 2
2 2 2
2 2 2
2 2 2
1 1 1
1 1 1
1 1 1
1 1 1
3 3 3 3
3 3 3 3
3 3 3 3
6 6 6 6
6 6 6 6
6 6 6 6

1
1
0 0 0 0
0 0 0 0
0 0 0 0
0 0 0 0
2 2 2
2 2 2
2 2 2
2 2 2
4 4 4
4 4 4
4 4 4
7 7 7
7 7 7
7 7 7

2
2
1 1 1
1 1 1
1 1 1
1 1 1
0 0 0 0
0 0 0 0
0 0 0 0
0 0 0 0
5 5 5
5 5 5
5 5 5
8 8 8
8 8 8
8 8 8

3
3
5 5 5
5 5 5
5 5 5
4 4 4
4 4 4
4 4 4
6 6 6 6
6 6 6 6
6 6 6 6
0 0 0 0
0 0 0 0
0 0 0 0
0 0 0 0

4
4
3 3 3 3
3 3 3 3
3 3 3 3
5 5 5
5 5 5
5 5 5
7 7 7
7 7 7
7 7 7
1 1 1
1 1 1
1 1 1
1 1 1

5
5
4 4 4
4 4 4
4 4 4
3 3 3 3
3 3 3 3
3 3 3 3
8 8 8
8 8 8
8 8 8
2 2 2
2 2 2
2 2 2
2 2 2

6
6
8 8 8
8 8 8
8 8 8
7 7 7
7 7 7
7 7 7
0 0 0 0
0 0 0 0
0 0 0 0
0 0 0 0
3 3 3 3
3 3 3 3
3 3 3 3

7
7
6 6 6 6
6 6 6 6
6 6 6 6
8 8 8
8 8 8
8 8 8
1 1 1
1 1 1
1 1 1
1 1 1
4 4 4
4 4 4
4 4 4

8
8
7 7 7
7 7 7
7 7 7
6 6 6 6
6 6 6 6
6 6 6 6
2 2 2
2 2 2
2 2 2
2 2 2
5 5 5
5 5 5
5 5 5

